20260804_三国_6
20260804_三国_7
20260804_多摩川_1
20260804_宮島_2
20260804_三国_8
20260804_宮島_3
20260804_平和島_1
20260804_平和島_2
20260804_平和島_3
20260804_宮島_5
20260804_芦屋_11
20260804_多摩川_6
20260804_尼崎_9
20260804_平和島_6
20260804_平和島_7
20260804_浜名湖_10
20260804_下関_2
20260804_下関_3
20260804_桐生_4
20260804_平和島_10
20260804_下関_4
20260804_下関_5
20260804_下関_6
20260804_桐生_8
20260804_桐生_10
20260804_住之江_10
20260805_三国_3
20260805_三国_5
20260805_芦屋_6
20260805_津_2
20260805_鳴門_6
20260805_多摩川_1
20260805_津_4
20260805_多摩川_2
20260805_鳴門_8
20260805_宮島_3
20260806_鳴門_1
20260806_三国_6
20260806_宮島_2
20260806_津_3
20260806_徳山_3
20260806_戸田_3
20260806_津_6
20260806_鳴門_10
20260806_平和島_4
20260806_津_7
